// Jest Snapshot v1, https://goo.gl/fbAQLP

exports[`UserColumn should render 1`] = `
<div>
  <div
    class="container"
  >
    <div
      class="columnHeader"
    >
      <div
        class="searchBar"
      >
        <input
          class="textInput"
          data-testid="user-search-text"
          placeholder="Search"
          type="text"
          value=""
        />
      </div>
    </div>
    <div
      class="columnBody"
      data-testid="user-column-body"
    >
      <div
        class="userList"
      >
        <a
          class="userItem"
          data-testid="user-item"
          href="/posts/user_15"
        >
          <div
            class="name"
          >
            Yolande Urrutia
          </div>
          <div
            class="postCount"
          >
            7
          </div>
        </a>
        <a
          class="userItem"
          data-testid="user-item"
          href="/posts/user_14"
        >
          <div
            class="name"
          >
            Woodrow Lindholm
          </div>
          <div
            class="postCount"
          >
            7
          </div>
        </a>
        <a
          class="userItem"
          data-testid="user-item"
          href="/posts/user_7"
        >
          <div
            class="name"
          >
            Gigi Richter
          </div>
          <div
            class="postCount"
          >
            3
          </div>
        </a>
        <a
          class="userItem"
          data-testid="user-item"
          href="/posts/user_10"
        >
          <div
            class="name"
          >
            Rafael Althoff
          </div>
          <div
            class="postCount"
          >
            9
          </div>
        </a>
        <a
          class="userItem"
          data-testid="user-item"
          href="/posts/user_12"
        >
          <div
            class="name"
          >
            Lashanda Small
          </div>
          <div
            class="postCount"
          >
            11
          </div>
        </a>
        <a
          class="userItem"
          data-testid="user-item"
          href="/posts/user_19"
        >
          <div
            class="name"
          >
            Quyen Pellegrini
          </div>
          <div
            class="postCount"
          >
            4
          </div>
        </a>
        <a
          class="userItem"
          data-testid="user-item"
          href="/posts/user_6"
        >
          <div
            class="name"
          >
            Carly Alvarez
          </div>
          <div
            class="postCount"
          >
            7
          </div>
        </a>
        <a
          class="userItem"
          data-testid="user-item"
          href="/posts/user_17"
        >
          <div
            class="name"
          >
            Mandie Nagao
          </div>
          <div
            class="postCount"
          >
            8
          </div>
        </a>
        <a
          class="userItem"
          data-testid="user-item"
          href="/posts/user_13"
        >
          <div
            class="name"
          >
            Regenia Boice
          </div>
          <div
            class="postCount"
          >
            7
          </div>
        </a>
        <a
          class="userItem"
          data-testid="user-item"
          href="/posts/user_2"
        >
          <div
            class="name"
          >
            Nydia Croff
          </div>
          <div
            class="postCount"
          >
            5
          </div>
        </a>
        <a
          class="userItem"
          data-testid="user-item"
          href="/posts/user_8"
        >
          <div
            class="name"
          >
            Maxie Marceau
          </div>
          <div
            class="postCount"
          >
            1
          </div>
        </a>
        <a
          class="userItem"
          data-testid="user-item"
          href="/posts/user_18"
        >
          <div
            class="name"
          >
            Ethelene Maggi
          </div>
          <div
            class="postCount"
          >
            4
          </div>
        </a>
        <a
          class="userItem"
          data-testid="user-item"
          href="/posts/user_3"
        >
          <div
            class="name"
          >
            Leonarda Schult
          </div>
          <div
            class="postCount"
          >
            2
          </div>
        </a>
        <a
          class="userItem"
          data-testid="user-item"
          href="/posts/user_4"
        >
          <div
            class="name"
          >
            Britany Heise
          </div>
          <div
            class="postCount"
          >
            6
          </div>
        </a>
        <a
          class="userItem"
          data-testid="user-item"
          href="/posts/user_16"
        >
          <div
            class="name"
          >
            Isidro Schuett
          </div>
          <div
            class="postCount"
          >
            3
          </div>
        </a>
        <a
          class="userItem"
          data-testid="user-item"
          href="/posts/user_1"
        >
          <div
            class="name"
          >
            Filomena Cort
          </div>
          <div
            class="postCount"
          >
            4
          </div>
        </a>
        <a
          class="userItem"
          data-testid="user-item"
          href="/posts/user_9"
        >
          <div
            class="name"
          >
            Rosann Eide
          </div>
          <div
            class="postCount"
          >
            2
          </div>
        </a>
        <a
          class="userItem"
          data-testid="user-item"
          href="/posts/user_11"
        >
          <div
            class="name"
          >
            Macie Mckamey
          </div>
          <div
            class="postCount"
          >
            5
          </div>
        </a>
        <a
          class="userItem"
          data-testid="user-item"
          href="/posts/user_0"
        >
          <div
            class="name"
          >
            Lael Vassel
          </div>
          <div
            class="postCount"
          >
            2
          </div>
        </a>
        <a
          class="userItem"
          data-testid="user-item"
          href="/posts/user_5"
        >
          <div
            class="name"
          >
            Carson Smithson
          </div>
          <div
            class="postCount"
          >
            3
          </div>
        </a>
      </div>
    </div>
  </div>
</div>
`;

exports[`UserColumn should render loading state 1`] = `
<div>
  <div
    class="container"
  >
    <div
      class="columnHeader"
    >
      <div
        class="searchBar"
      >
        <input
          class="textInput"
          data-testid="user-search-text"
          placeholder="Search"
          type="text"
          value=""
        />
      </div>
    </div>
    <div
      class="columnBody"
      data-testid="user-column-body"
    >
      <div
        class="userListLoading"
      >
        Loading...
      </div>
    </div>
  </div>
</div>
`;
