// Jest Snapshot v1, https://goo.gl/fbAQLP

exports[`PostColumn should render 1`] = `
<div>
  <div
    class="container"
  >
    <div
      class="columnHeader"
    >
      <div
        class="sortBar"
      >
        <span>
          Sort by
        </span>
        <span
          class="sortPill isActive"
          role="button"
          tabindex="0"
        >
          descending
        </span>
        <span
          class="sortPill"
          role="button"
          tabindex="0"
        >
          ascending
        </span>
      </div>
      <div
        class="searchBar"
      >
        <input
          class="textInput"
          data-testid="post-search-text"
          placeholder="Search"
          type="text"
          value=""
        />
      </div>
    </div>
    <div
      class="columnBody"
    >
      <div
        class="postList"
      >
        <div
          class="postItem"
          data-testid="post-item"
        >
          <div
            class="postHeader"
          >
            <span
              class="date"
            >
              1/3/2022, 1:42:19 PM
            </span>
            <span
              class="author"
            >
               by Yolande Urrutia
            </span>
          </div>
          <div
            class="postBody"
          >
            fine flow wagon company fill alcohol ditch cage clock fit conservative shop chain interest forget intermediate conductor lawyer test therapist profit mystery forward foreigner tendency
          </div>
        </div>
        <div
          class="postItem"
          data-testid="post-item"
        >
          <div
            class="postHeader"
          >
            <span
              class="date"
            >
              1/3/2022, 10:03:24 AM
            </span>
            <span
              class="author"
            >
               by Woodrow Lindholm
            </span>
          </div>
          <div
            class="postBody"
          >
            diamond brave patch ally script disability bay conception recruit prevalence correspond drum breast climate series leaflet cage sister memorandum ton drop intermediate soap blade role fashionable scream fine withdrawal shorts grip rear fine snake addition breakfast speed mystery expose rush mess flourish major bike education judgment sow rehabilitation peasant permission reward flow aspect jealous use swell comfort loose fountain flower shake approval deficiency area dramatic excuse full feminine improve outside spine federation save concession jurisdiction straight brick belief center producer introduce facility
          </div>
        </div>
        <div
          class="postItem"
          data-testid="post-item"
        >
          <div
            class="postHeader"
          >
            <span
              class="date"
            >
              1/3/2022, 5:35:07 AM
            </span>
            <span
              class="author"
            >
               by Gigi Richter
            </span>
          </div>
          <div
            class="postBody"
          >
            abortion force quote section popular director night prosecute flow important embryo due hour indulge crusade nest test insert check excuse modernize suitcase hallway crossing cluster superintendent view grip mug prevent straight want instal pressure visible gift murder
          </div>
        </div>
        <div
          class="postItem"
          data-testid="post-item"
        >
          <div
            class="postHeader"
          >
            <span
              class="date"
            >
              1/3/2022, 1:27:05 AM
            </span>
            <span
              class="author"
            >
               by Rafael Althoff
            </span>
          </div>
          <div
            class="postBody"
          >
            officer authority computing superintendent seed reliance try palm fuss thought outfit pray gain coin voyage spontaneous recognize horseshoe bed deserve lift kidney sunshine anger inquiry television indication tumour dominant dignity threshold anger flat bill cluster excavation diamond cope inn terminal prize drum feature
          </div>
        </div>
        <div
          class="postItem"
          data-testid="post-item"
        >
          <div
            class="postHeader"
          >
            <span
              class="date"
            >
              1/2/2022, 9:27:54 PM
            </span>
            <span
              class="author"
            >
               by Lashanda Small
            </span>
          </div>
          <div
            class="postBody"
          >
            village effort put business monstrous loose shake throne south forward short circuit pioneer hypnothize part upset bolt baby move coach neighborhood waist memorandum rehabilitation session coin
          </div>
        </div>
        <div
          class="postItem"
          data-testid="post-item"
        >
          <div
            class="postHeader"
          >
            <span
              class="date"
            >
              1/2/2022, 5:22:49 PM
            </span>
            <span
              class="author"
            >
               by Quyen Pellegrini
            </span>
          </div>
          <div
            class="postBody"
          >
            systematic final output chief improve kitchen use spontaneous basket second loose program mosque giant quotation absorb virtue avant-garde carry clock return format default
          </div>
        </div>
        <div
          class="postItem"
          data-testid="post-item"
        >
          <div
            class="postHeader"
          >
            <span
              class="date"
            >
              1/2/2022, 11:32:36 AM
            </span>
            <span
              class="author"
            >
               by Carly Alvarez
            </span>
          </div>
          <div
            class="postBody"
          >
            drama meadow gift fist plagiarize accident accountant rush series proud smash factor bed run draw ankle delete trolley set band biology magazine difficult troop reckless glory hypnothize duck threshold warrant control address border dominant closed conflict sanctuary flower environmental definition fashionable member dragon teacher debut lighter state master improve
          </div>
        </div>
        <div
          class="postItem"
          data-testid="post-item"
        >
          <div
            class="postHeader"
          >
            <span
              class="date"
            >
              1/2/2022, 6:30:59 AM
            </span>
            <span
              class="author"
            >
               by Mandie Nagao
            </span>
          </div>
          <div
            class="postBody"
          >
            village canvas bench stable lamb Europe nuance realize paint save virgin missile landowner torture try retired secretion dream breast host dominant spray correspond extension computing protection pole hiccup undertake area coalition think berry rehearsal output withdrawal representative speculate reliance wrestle porter short circuit salesperson squash agreement flush monstrous decorative intermediate leaflet full manufacture tolerate qualified invisible landowner test initiative camp book reserve
          </div>
        </div>
        <div
          class="postItem"
          data-testid="post-item"
        >
          <div
            class="postHeader"
          >
            <span
              class="date"
            >
              1/2/2022, 1:49:14 AM
            </span>
            <span
              class="author"
            >
               by Regenia Boice
            </span>
          </div>
          <div
            class="postBody"
          >
            recruit seller flavor dominant banner paint important prevent beautiful
          </div>
        </div>
        <div
          class="postItem"
          data-testid="post-item"
        >
          <div
            class="postHeader"
          >
            <span
              class="date"
            >
              1/1/2022, 7:56:37 PM
            </span>
            <span
              class="author"
            >
               by Nydia Croff
            </span>
          </div>
          <div
            class="postBody"
          >
            rehabilitation greeting tin harsh bell level population prevalence respectable prize monstrous default gallon ditch danger date sympathetic prevent rally norm alcohol preparation rare glow credit card hate combine mean penny audience thin stunning visual chain effort team terms agile organize debate graphic day referee fail paint realize folklore mild
          </div>
        </div>
        <div
          class="postItem"
          data-testid="post-item"
        >
          <div
            class="postHeader"
          >
            <span
              class="date"
            >
              1/1/2022, 2:02:39 PM
            </span>
            <span
              class="author"
            >
               by Maxie Marceau
            </span>
          </div>
          <div
            class="postBody"
          >
            relevance pattern offense damage shy mistreat reinforce detective insert duck extend water definition fill belly division flush write respectable turkey pole leak shy rotation scream menu retirement fuel balance tense braid lift compact escape attention delicate abridge basket lake leak threshold eyebrow belong recommendation bottom tenant courage inn monstrous acceptance timetable fit difficulty Europe racism shake pick kidney pray return space spell default wood crossing toss follow ballot night litigation forward food axis morning genuine crosswalk sailor
          </div>
        </div>
        <div
          class="postItem"
          data-testid="post-item"
        >
          <div
            class="postHeader"
          >
            <span
              class="date"
            >
              1/1/2022, 10:31:26 AM
            </span>
            <span
              class="author"
            >
               by Woodrow Lindholm
            </span>
          </div>
          <div
            class="postBody"
          >
            glove correspondence village mosque gradual modernize straight union cave stride attention difficult rank attention execute old contrary castle rider terms college useful project rage trunk flow eject dignity gradual lip abortion triangle kit building meet radio helmet abortion appetite accumulation space body flow rally south braid heal proud omission confusion coin photocopy producer wreck speech breed knit instal conservative psychology fashionable morning tap traction hole sip porter rain draw recording anger
          </div>
        </div>
        <div
          class="postItem"
          data-testid="post-item"
        >
          <div
            class="postHeader"
          >
            <span
              class="date"
            >
              1/1/2022, 6:45:38 AM
            </span>
            <span
              class="author"
            >
               by Carly Alvarez
            </span>
          </div>
          <div
            class="postBody"
          >
            diamond adoption embryo suggest reveal carve tenant loan reliance thought food lip gallon overcharge facade mine dream disability suffer knit cave galaxy retain center act abuse hate race protection diamond teacher shout provide viable compact banana fail discourage drill overcharge still leader resort gradient college linen education wreck folklore quotation hotdog spontaneous accountant disability death slap ditch sanctuary stake profit theft dirty spend use psychology slap ministry meadow radio interface upset quest truth seed radio eagle district member instrument folklore script duck vessel kill generate falsify flavor stain crosswalk abuse line twist umbrella oak orchestra flawed
          </div>
        </div>
        <div
          class="postItem"
          data-testid="post-item"
        >
          <div
            class="postHeader"
          >
            <span
              class="date"
            >
              1/1/2022, 1:27:50 AM
            </span>
            <span
              class="author"
            >
               by Mandie Nagao
            </span>
          </div>
          <div
            class="postBody"
          >
            cottage drill falsify helmet smash abstract deposit move painter spot hate thinker rape sun dare estimate trail evolution rhythm steward network line estimate deprive reconcile mile whip pardon mistreat fly recommendation fuel cover convince sex wagon clerk embryo route loose squash
          </div>
        </div>
        <div
          class="postItem"
          data-testid="post-item"
        >
          <div
            class="postHeader"
          >
            <span
              class="date"
            >
              12/31/2021, 8:04:03 PM
            </span>
            <span
              class="author"
            >
               by Lashanda Small
            </span>
          </div>
          <div
            class="postBody"
          >
            executive tenant rehearsal restrict move agile platform initiative film compact window trend tract skeleton
          </div>
        </div>
        <div
          class="postItem"
          data-testid="post-item"
        >
          <div
            class="postHeader"
          >
            <span
              class="date"
            >
              12/31/2021, 2:13:35 PM
            </span>
            <span
              class="author"
            >
               by Nydia Croff
            </span>
          </div>
          <div
            class="postBody"
          >
            retirement rubbish mine coin swipe bill hate respectable survivor agreement move pursuit trouble ton precede prediction federation title reserve baby correspondence proud agriculture
          </div>
        </div>
        <div
          class="postItem"
          data-testid="post-item"
        >
          <div
            class="postHeader"
          >
            <span
              class="date"
            >
              12/31/2021, 9:15:30 AM
            </span>
            <span
              class="author"
            >
               by Regenia Boice
            </span>
          </div>
          <div
            class="postBody"
          >
            bat control air snow mayor rain rear connection grip hostile crystal need nest smoke troop baby giant mail forest accountant trick home lift buy achievement vague symbol set federation cave border dramatic stake scholar culture fan noble rise opposite celebration discount giant dimension monopoly cheese boat mug thinker strain process college nationalist ban sound elephant hallway climate survivor clearance gain empirical business speculate heaven bishop full condition arrow jewel west smash giant falsify hallway science referee carbon complex loan coin voyage camp monstrous brave climate extend expression diameter uncle innocent rubbish manufacture cluster respectable electronics album abundant folklore vessel
          </div>
        </div>
        <div
          class="postItem"
          data-testid="post-item"
        >
          <div
            class="postHeader"
          >
            <span
              class="date"
            >
              12/31/2021, 3:56:33 AM
            </span>
            <span
              class="author"
            >
               by Gigi Richter
            </span>
          </div>
          <div
            class="postBody"
          >
            speculate sex skeleton provide cluster closed sailor bolt viable migration waste part secretion formal trolley secretion vertical snow flu bottom braid rubbish arrow debate resort handy discourage bathroom mild retirement herd story excitement precede courage mood fly final brake spell patch thinker survey bay opposite stain roar title corruption button instal night makeup estimate thin thumb suntan estimate bench favourite courtship sanctuary bottom chord migration trace introduction rage galaxy complex passage forest haircut pawn sample desert recovery difficulty interest west air resort correction album ignite
          </div>
        </div>
        <div
          class="postItem"
          data-testid="post-item"
        >
          <div
            class="postHeader"
          >
            <span
              class="date"
            >
              12/30/2021, 10:53:17 PM
            </span>
            <span
              class="author"
            >
               by Ethelene Maggi
            </span>
          </div>
          <div
            class="postBody"
          >
            whip pursuit think level pole consumption make printer voyage offender monstrous mug date fine crowd level sustain circulation access sustain abbey dramatic short circuit camp serve twist tie romantic gain romantic nationalist addition pursuit protection outside basket wake need cluster speech sunshine establish disk pawn bat opposite shaft offense access lip science ankle graze rotation cottage qualified grudge clock definite fool feminine publisher shift estimate set mean conductor computer precede quest plain egg white confusion civilian survival critic part straight superintendent trail railroad risk truth gradient confusion survivor referee access act spot market recognize marriage rehearsal
          </div>
        </div>
        <div
          class="postItem"
          data-testid="post-item"
        >
          <div
            class="postHeader"
          >
            <span
              class="date"
            >
              12/30/2021, 5:31:08 PM
            </span>
            <span
              class="author"
            >
               by Ethelene Maggi
            </span>
          </div>
          <div
            class="postBody"
          >
            pressure candle broken buy lost provide civilian bell train executive scandal dominant closed discount format suffer
          </div>
        </div>
        <div
          class="postItem"
          data-testid="post-item"
        >
          <div
            class="postHeader"
          >
            <span
              class="date"
            >
              12/30/2021, 12:05:15 PM
            </span>
            <span
              class="author"
            >
               by Rafael Althoff
            </span>
          </div>
          <div
            class="postBody"
          >
            symptom participate pursuit terminal spray appetite education constellation excuse risk retirement survey dilute tract virgin access pain section beautiful berry house bother spray authority beg diameter tract galaxy restrict introduce sweet death freedom tenant judgment stake agriculture spray reliable clock siege appreciate poor set lodge story relax loan freckle racism house sustain spot stride symbol salesperson candle grudge gradual division kitchen lighter question golf due tired distant acceptance recovery cord adoption conflict
          </div>
        </div>
        <div
          class="postItem"
          data-testid="post-item"
        >
          <div
            class="postHeader"
          >
            <span
              class="date"
            >
              12/30/2021, 6:14:59 AM
            </span>
            <span
              class="author"
            >
               by Ethelene Maggi
            </span>
          </div>
          <div
            class="postBody"
          >
            herb reserve national franchise grow eject thinker depression admiration project forest debate diamond embark run steward initiative coach rise complex convention comfort rear village empirical velvet sample essay constitution drag teacher rubbish romantic lose definition guideline broadcast interference want symptom crash intermediate clock speech border awful fist umbrella acquisition umbrella direct housing opposition sulphur pest manage rough excuse fit grip genuine AIDS vessel agreement environmental marsh facility charter revoke stereotype calculation painter dragon rehabilitation culture hallway critic state surround absent speed coincide cash marsh morning room reputation resident think fight option effective dramatic recommendation breast
          </div>
        </div>
        <div
          class="postItem"
          data-testid="post-item"
        >
          <div
            class="postHeader"
          >
            <span
              class="date"
            >
              12/30/2021, 1:23:54 AM
            </span>
            <span
              class="author"
            >
               by Rafael Althoff
            </span>
          </div>
          <div
            class="postBody"
          >
            undertake compact contraction satellite kitchen glove ban aluminium cottage stress executive aspect audience ditch traction attention conception era grimace curl angel view inn virgin crowd whip friend invisible conflict information ministry kitchen confusion use trouble approval failure offender due alcohol alcohol eject shop notice instrument trade name offense interference want virgin cigarette bishop generate boat terms crude absorb language sample judge kick marriage definition terms act ban ignite vertical whip
          </div>
        </div>
        <div
          class="postItem"
          data-testid="post-item"
        >
          <div
            class="postHeader"
          >
            <span
              class="date"
            >
              12/29/2021, 8:33:54 PM
            </span>
            <span
              class="author"
            >
               by Leonarda Schult
            </span>
          </div>
          <div
            class="postBody"
          >
            correspond bend desert debut candle mother outside nuance shout impulse indulge truth merchant use computing credit card kinship prisoner giant retirement swell orchestra crew corn multimedia flow leader short circuit nuance conservative bell fountain opposition monkey anger sample speed pick makeup debate drill viable due mirror story story thin old size prisoner flawed product loud pavement put terms useful foreigner satellite set reward correspond systematic rule message tile hypnothize book village conflict combine
          </div>
        </div>
        <div
          class="postItem"
          data-testid="post-item"
        >
          <div
            class="postHeader"
          >
            <span
              class="date"
            >
              12/29/2021, 5:30:40 PM
            </span>
            <span
              class="author"
            >
               by Woodrow Lindholm
            </span>
          </div>
          <div
            class="postBody"
          >
            beer variable view coincide flow future script mathematics role huge mother quote courage critic marsh pioneer dream slap cope lie steward stunning color film bolt feminine trench constellation pavement contrast discrimination good smoke banana braid major calculation hand admit grow troop crystal use retirement language relax flavor hell march coincidence arch uncle coalition victory soap bracket drama crossing digital nest lodge director essay presidency room swipe press
          </div>
        </div>
        <div
          class="postItem"
          data-testid="post-item"
        >
          <div
            class="postHeader"
          >
            <span
              class="date"
            >
              12/29/2021, 1:06:23 PM
            </span>
            <span
              class="author"
            >
               by Britany Heise
            </span>
          </div>
          <div
            class="postBody"
          >
            find clinic spine stable save chaos relax entitlement concept silver survivor reliance water jealous jewel acceptance full mathematics kitchen name improve abundant distant scholar multimedia prediction run product format loan graze confront release franchise boy sun mile superintendent uncle value virtue product spontaneous accumulation carve stride cover fly nest imperial nuance stain occasion deprive energy awful cause skin recommendation manage cluster indication relation rubbish
          </div>
        </div>
        <div
          class="postItem"
          data-testid="post-item"
        >
          <div
            class="postHeader"
          >
            <span
              class="date"
            >
              12/29/2021, 8:20:08 AM
            </span>
            <span
              class="author"
            >
               by Isidro Schuett
            </span>
          </div>
          <div
            class="postBody"
          >
            theft patch wagon team hate orchestra disk rehabilitation kit water leak debate midnight wood abundant beer midnight innocent freckle run bottom franchise think wagon death credit card village skin program reliance duty awful window diplomat grip policeman threshold suntan glory borrow tell mail pardon visible inquiry race rise chapter national lend visible funeral
          </div>
        </div>
        <div
          class="postItem"
          data-testid="post-item"
        >
          <div
            class="postHeader"
          >
            <span
              class="date"
            >
              12/29/2021, 4:43:44 AM
            </span>
            <span
              class="author"
            >
               by Regenia Boice
            </span>
          </div>
          <div
            class="postBody"
          >
            trick angel sister inquiry suntan crowd bend deposit snow velvet mayor contract difficulty intermediate fling clinic nuclear drop smash thick miscarriage variant pray trunk rescue photocopy shout village outside initiative siege contraction interface litigation safety tie midnight pardon size hostile hand crossing turkey admit accountant abridge courage execute positive rough kick lion plant rehearsal major shake scream strength curl surround speech stable important delay detective outside conflict failure difficult vegetarian
          </div>
        </div>
        <div
          class="postItem"
          data-testid="post-item"
        >
          <div
            class="postHeader"
          >
            <span
              class="date"
            >
              12/29/2021, 12:51:08 AM
            </span>
            <span
              class="author"
            >
               by Regenia Boice
            </span>
          </div>
          <div
            class="postBody"
          >
            salesperson speculate release margin sunshine chaos adoption unfair gutter urine factor warrant damage evolution allocation deadly Sunday stunning teacher stunning title abortion process pot orchestra achievement lie tell coin
          </div>
        </div>
        <div
          class="postItem"
          data-testid="post-item"
        >
          <div
            class="postHeader"
          >
            <span
              class="date"
            >
              12/28/2021, 9:29:12 PM
            </span>
            <span
              class="author"
            >
               by Lashanda Small
            </span>
          </div>
          <div
            class="postBody"
          >
            multimedia clinic outside plant disk tick prisoner height access spontaneous velvet flush use expose corruption jewel freeze rush chapter nest confine berry painter tribe crop absorb rape fireplace pedestrian confusion slab major glove question gradient strength occasion barrier whip provide castle distant helmet correction promotion definite dramatic mirror infrastructure press hike gain team truth write debate knock dressing helmet story vertical protection loose chapter throne stimulation reliance addition future aluminium
          </div>
        </div>
        <div
          class="postItem"
          data-testid="post-item"
        >
          <div
            class="postHeader"
          >
            <span
              class="date"
            >
              12/28/2021, 5:37:33 PM
            </span>
            <span
              class="author"
            >
               by Yolande Urrutia
            </span>
          </div>
          <div
            class="postBody"
          >
            dominant border abortion helmet stimulation missile mayor balance part rise deadly fireplace diamond belly planet realize retired toss warrant make palm birthday surround empire prediction fireplace presidency culture decorative division inquiry safety visible level shift graze reinforce meet reckless possibility pole toss distant arch reward stereotype grandmother church train favourite trace oak rhythm sword vertical host migration host drag teacher achievement snub presidency gradual timetable network transmission theft kidney flush carbon cigarette abbey plain concept haircut sacrifice reliance debt lot seem skin gradient jealous herb bend revolution closed mistreat ballot
          </div>
        </div>
        <div
          class="postItem"
          data-testid="post-item"
        >
          <div
            class="postHeader"
          >
            <span
              class="date"
            >
              12/28/2021, 1:12:48 PM
            </span>
            <span
              class="author"
            >
               by Filomena Cort
            </span>
          </div>
          <div
            class="postBody"
          >
            lodge fireplace norm ally boat rage bracket instrument dominant acceptance chain respectable pool excavation condition unfair knock satellite dog sigh smoke stride revolution satellite crop ton survival format rocket
          </div>
        </div>
        <div
          class="postItem"
          data-testid="post-item"
        >
          <div
            class="postHeader"
          >
            <span
              class="date"
            >
              12/28/2021, 8:17:06 AM
            </span>
            <span
              class="author"
            >
               by Quyen Pellegrini
            </span>
          </div>
          <div
            class="postBody"
          >
            midnight product rush kick due language pillow fly dirty seller judgment kick mine
          </div>
        </div>
        <div
          class="postItem"
          data-testid="post-item"
        >
          <div
            class="postHeader"
          >
            <span
              class="date"
            >
              12/28/2021, 4:05:05 AM
            </span>
            <span
              class="author"
            >
               by Filomena Cort
            </span>
          </div>
          <div
            class="postBody"
          >
            empirical promotion stimulation evening avant-garde manage put embark boat college organize clearance revolution counter snake dream painter crowd dorm complex angel triangle heavy painter release feature host promotion indication multimedia confine cave mayor extraterrestrial bench flush siege imperial viable embryo wagon abridge credit card reinforce speech short circuit hold script sight
          </div>
        </div>
        <div
          class="postItem"
          data-testid="post-item"
        >
          <div
            class="postHeader"
          >
            <span
              class="date"
            >
              12/27/2021, 10:29:50 PM
            </span>
            <span
              class="author"
            >
               by Leonarda Schult
            </span>
          </div>
          <div
            class="postBody"
          >
            pardon menu variant cover hotdog rank camp proud voyage rally script extension generation keep literature brave pedestrian convention failure ethics snow depression cluster museum development host silver team train trade nuclear dismissal monkey horseshoe terms epicalyx gravel opposite
          </div>
        </div>
        <div
          class="postItem"
          data-testid="post-item"
        >
          <div
            class="postHeader"
          >
            <span
              class="date"
            >
              12/27/2021, 6:33:21 PM
            </span>
            <span
              class="author"
            >
               by Filomena Cort
            </span>
          </div>
          <div
            class="postBody"
          >
            sulphur slab difficulty member merchant television manage interest opposite flawed rehearsal officer aspect extraterrestrial
          </div>
        </div>
        <div
          class="postItem"
          data-testid="post-item"
        >
          <div
            class="postHeader"
          >
            <span
              class="date"
            >
              12/27/2021, 2:18:15 PM
            </span>
            <span
              class="author"
            >
               by Mandie Nagao
            </span>
          </div>
          <div
            class="postBody"
          >
            try talkative authority beautiful value meadow clock beg referee line mother deprive business deficiency indoor knock index syndrome cover chief dilute generation fund instrument dynamic grow producer sniff chest rank pioneer wake despise memorandum culture smoke fly compact shift lot night part diameter bench rain biology virgin braid penny clock bend ecstasy release paint victory executive voyage chord message recommendation smell grow drama
          </div>
        </div>
        <div
          class="postItem"
          data-testid="post-item"
        >
          <div
            class="postHeader"
          >
            <span
              class="date"
            >
              12/27/2021, 9:08:07 AM
            </span>
            <span
              class="author"
            >
               by Mandie Nagao
            </span>
          </div>
          <div
            class="postBody"
          >
            memorandum prevent initiative trunk hate leader visible stunning scratch pardon hostile merchant graze fan inquiry herd integration impulse future cage extend cope fireplace duty confine soap planet proud mother cover default constitution patrol deficiency thinker lion breed consumption depression hold borrow judge beg flower level resort straight loud spontaneous kill connection grimace trait memorandum tendency dorm gain connection fan dream
          </div>
        </div>
        <div
          class="postItem"
          data-testid="post-item"
        >
          <div
            class="postHeader"
          >
            <span
              class="date"
            >
              12/27/2021, 4:56:50 AM
            </span>
            <span
              class="author"
            >
               by Rosann Eide
            </span>
          </div>
          <div
            class="postBody"
          >
            federation mail reserve exact sip height crew location hand crosswalk indulge parachute impulse distant rear definition expression raid trick complex failure mess troop cope timetable qualified flawed bell wisecrack story film suggest spell experiment
          </div>
        </div>
        <div
          class="postItem"
          data-testid="post-item"
        >
          <div
            class="postHeader"
          >
            <span
              class="date"
            >
              12/27/2021, 1:44:03 AM
            </span>
            <span
              class="author"
            >
               by Rosann Eide
            </span>
          </div>
          <div
            class="postBody"
          >
            suitcase format sacrifice galaxy correspondence quote eject coach rear lost correspond thick margin forget sympathetic preparation electron trunk shop loose
          </div>
        </div>
        <div
          class="postItem"
          data-testid="post-item"
        >
          <div
            class="postHeader"
          >
            <span
              class="date"
            >
              12/26/2021, 10:14:51 PM
            </span>
            <span
              class="author"
            >
               by Mandie Nagao
            </span>
          </div>
          <div
            class="postBody"
          >
            want magazine film computer indulge hell coach presidency visual monopoly seed village rule offense beer scholar scream retiree helmet hell describe constitution seed judgment output raid troop question ditch agile combine
          </div>
        </div>
        <div
          class="postItem"
          data-testid="post-item"
        >
          <div
            class="postHeader"
          >
            <span
              class="date"
            >
              12/26/2021, 4:16:53 PM
            </span>
            <span
              class="author"
            >
               by Lashanda Small
            </span>
          </div>
          <div
            class="postBody"
          >
            egg white ton important oak mosque mood bend crusade quotation turkey fixture cruelty intermediate quote terrify yard bottom aluminium refuse plane empire donor helmet stain full nuance Europe arrow index audience trunk greeting expose convention information fling warrant rhythm sweet animal confront act program hand victory organize addition mother development important effective cottage buy church surround contrast message freckle approval bat pressure hand bullet education dorm
          </div>
        </div>
        <div
          class="postItem"
          data-testid="post-item"
        >
          <div
            class="postHeader"
          >
            <span
              class="date"
            >
              12/26/2021, 12:34:19 PM
            </span>
            <span
              class="author"
            >
               by Gigi Richter
            </span>
          </div>
          <div
            class="postBody"
          >
            try genuine rotation animal accumulation appear index cottage greeting pole marsh set comfort air dismissal menu question correspond birthday rally describe spontaneous button corruption era superintendent cord pillow final orchestra prediction insert suffer courtship return master abortion drum empire restrict steward abridge rear age act teacher egg white formula offender leak menu message extraterrestrial make symptom confine mile rotation term suitcase roar sister neighborhood business empirical basket agreement appetite mood diameter feminine invisible relax prevent tumour arch palm fund trench
          </div>
        </div>
        <div
          class="postItem"
          data-testid="post-item"
        >
          <div
            class="postHeader"
          >
            <span
              class="date"
            >
              12/26/2021, 7:21:43 AM
            </span>
            <span
              class="author"
            >
               by Lashanda Small
            </span>
          </div>
          <div
            class="postBody"
          >
            umbrella food fight photocopy cope deficiency contrast space museum reliable area virgin room elephant virtue business network race positive lift view process morsel pattern digital shake trouble climb painter bench death trench cluster fool opposite producer foreigner accountant hiccup sailor
          </div>
        </div>
        <div
          class="postItem"
          data-testid="post-item"
        >
          <div
            class="postHeader"
          >
            <span
              class="date"
            >
              12/26/2021, 2:38:51 AM
            </span>
            <span
              class="author"
            >
               by Mandie Nagao
            </span>
          </div>
          <div
            class="postBody"
          >
            elephant ban mood coach shaft brave room soap fill mean think national bolt benefit Europe correction deprive computer gallon electron spine convention home lip habitat vessel cigarette education stain feature graze breed term tap drum prize fine timber nationalist center drama franchise calculation bell memorandum banana dirty rise exact rank kitchen Sunday scratch grandmother heaven education prestige brick route critic director element waste discourage charm confusion meet spell manufacture charm speech rage deposit clinic pour era hate thumb
          </div>
        </div>
        <div
          class="postItem"
          data-testid="post-item"
        >
          <div
            class="postHeader"
          >
            <span
              class="date"
            >
              12/25/2021, 10:17:46 PM
            </span>
            <span
              class="author"
            >
               by Britany Heise
            </span>
          </div>
          <div
            class="postBody"
          >
            grip elephant admit good empirical suntan producer chord beer speculate location dramatic term house output restrict key term prediction vertical delay allocation
          </div>
        </div>
        <div
          class="postItem"
          data-testid="post-item"
        >
          <div
            class="postHeader"
          >
            <span
              class="date"
            >
              12/25/2021, 5:44:52 PM
            </span>
            <span
              class="author"
            >
               by Lashanda Small
            </span>
          </div>
          <div
            class="postBody"
          >
            expertise reserve grimace line contrary dare lion chapter survivor dimension ditch siege fail rally nationalist terrify smell mess lawyer prosecute morning mile prestige suggest mug agriculture lighter scratch monkey greeting marriage science federation session opposition pavement angel favor proud upset graphic script master grand test handy hallway bottom flow umbrella drum migration language raid gutter speculate damage bow view field deficiency final factor prediction flush discourage feature producer part waste queen veil generation roar fabricate chaos popular date lift prediction evolution cheese producer strain sight
          </div>
        </div>
        <div
          class="postItem"
          data-testid="post-item"
        >
          <div
            class="postHeader"
          >
            <span
              class="date"
            >
              12/25/2021, 12:28:15 PM
            </span>
            <span
              class="author"
            >
               by Lashanda Small
            </span>
          </div>
          <div
            class="postBody"
          >
            check stunning smash bench dynamic company drill key message shake truth make prestige producer move delicate timetable freeze empirical notice umbrella pedestrian tract producer funeral say refuse condition secretion glove curl shaft deserve axis contrary linen humanity fling bathroom crossing dorm rare anger barrier retirement extinct straight contrary hallway charm lost monopoly coincidence thinker animal entitlement disability memorandum banana crash timetable sailor bench still treasurer contract scream snack glory positive science kill facility wood rear constellation recommendation clerk circulation wrist trail heavy need sustain trail museum march eyebrow poison lighter hotdog feminine speech overcharge rib
          </div>
        </div>
        <div
          class="postItem"
          data-testid="post-item"
        >
          <div
            class="postHeader"
          >
            <span
              class="date"
            >
              12/25/2021, 8:53:38 AM
            </span>
            <span
              class="author"
            >
               by Lashanda Small
            </span>
          </div>
          <div
            class="postBody"
          >
            scholar timber stunning dorm benefit accumulation civilian ballot effective notice proud route magnetic trait executive inn thaw quotation penny lodge location spontaneous barrier curl feminine insert pardon comfort loud herb development crossing sword facade chest air product insert respectable tribe nest relation trait gradient space tenant flat cause west think describe greeting dog coincidence team franchise vessel fly effort velvet color charm team therapist ban act brave blade
          </div>
        </div>
        <div
          class="postItem"
          data-testid="post-item"
        >
          <div
            class="postHeader"
          >
            <span
              class="date"
            >
              12/25/2021, 4:28:47 AM
            </span>
            <span
              class="author"
            >
               by Yolande Urrutia
            </span>
          </div>
          <div
            class="postBody"
          >
            return trick bend squash chocolate transmission patch correspond stable swell invisible monstrous credit card grandmother candle variable midnight eagle move survey abstract run prevent bathroom mistreat abuse hold makeup withdrawal consumption executive rider raid terrify
          </div>
        </div>
        <div
          class="postItem"
          data-testid="post-item"
        >
          <div
            class="postHeader"
          >
            <span
              class="date"
            >
              12/25/2021, 1:07:21 AM
            </span>
            <span
              class="author"
            >
               by Woodrow Lindholm
            </span>
          </div>
          <div
            class="postBody"
          >
            litigation treasurer water empire situation herd resort dream poison mystery roar sex disk dorm fist victory transport troop franchise rubbish forget election flu hike tired future manufacture interface begin dynamic stubborn rough representative bend control proud ministry effective positive tin trace think lawyer inquiry deprive area run thaw indoor trace falsify heavy barrier wood bake veil quotation addition rocket option extraterrestrial belief monopoly clerk straight
          </div>
        </div>
        <div
          class="postItem"
          data-testid="post-item"
        >
          <div
            class="postHeader"
          >
            <span
              class="date"
            >
              12/24/2021, 9:24:59 PM
            </span>
            <span
              class="author"
            >
               by Macie Mckamey
            </span>
          </div>
          <div
            class="postBody"
          >
            lot sigh release bake role knock delay day midnight officer heaven manufacture facade belief abundant
          </div>
        </div>
        <div
          class="postItem"
          data-testid="post-item"
        >
          <div
            class="postHeader"
          >
            <span
              class="date"
            >
              12/24/2021, 5:59:18 PM
            </span>
            <span
              class="author"
            >
               by Nydia Croff
            </span>
          </div>
          <div
            class="postBody"
          >
            warrant rib superintendent bend yard business abbey ministry write despise body
          </div>
        </div>
        <div
          class="postItem"
          data-testid="post-item"
        >
          <div
            class="postHeader"
          >
            <span
              class="date"
            >
              12/24/2021, 1:59:08 PM
            </span>
            <span
              class="author"
            >
               by Lael Vassel
            </span>
          </div>
          <div
            class="postBody"
          >
            retired fuss irony trolley rubbish wake monkey bathroom pest area button dramatic heavy seller mold morning situation horror move memorandum flourish throne embryo refuse pump area expression appreciate ban tendency failure rehabilitation trick prize museum organize withdrawal address
          </div>
        </div>
        <div
          class="postItem"
          data-testid="post-item"
        >
          <div
            class="postHeader"
          >
            <span
              class="date"
            >
              12/24/2021, 9:39:33 AM
            </span>
            <span
              class="author"
            >
               by Mandie Nagao
            </span>
          </div>
          <div
            class="postBody"
          >
            paint housing sister folklore experiment witness force lose raid survivor mild trunk computer warrant brave monopoly adoption hostile avenue invisible landowner dead march multimedia definite due tract approval size expertise conductor conductor candle brake accumulation cheese midnight lake trend product fuss formula belief stereotype fool west smell survey chord allocation bracket warrant agile decorative visual race mathematics treaty discourage lose grand falsify prestige beer paint
          </div>
        </div>
        <div
          class="postItem"
          data-testid="post-item"
        >
          <div
            class="postHeader"
          >
            <span
              class="date"
            >
              12/24/2021, 4:28:40 AM
            </span>
            <span
              class="author"
            >
               by Yolande Urrutia
            </span>
          </div>
          <div
            class="postBody"
          >
            tune scholar survival grimace faithful execute poor bend cottage concept psychology umbrella representative mastermind appear culture kidney fool abstract constellation language indication angel snack sweet default AIDS drag scratch coincidence eject sigh addition truth merchant product miscarriage area debut sacrifice ethics convention torture notice recording water tense sound forest crude noble default chest relation accumulation tune duck constitution addition suggest hilarious virtue hilarious question marriage pray folklore reputation migration soap convince participate fail canvas arch feature retired dirty dressing deposit favourite addition relation electronics variable falsify entitlement pressure genuine electron
          </div>
        </div>
        <div
          class="postItem"
          data-testid="post-item"
        >
          <div
            class="postHeader"
          >
            <span
              class="date"
            >
              12/23/2021, 11:01:34 PM
            </span>
            <span
              class="author"
            >
               by Macie Mckamey
            </span>
          </div>
          <div
            class="postBody"
          >
            definition tape fame bat freeze unfair short circuit knit charter triangle deposit excitement future mirror umbrella missile scandal program broadcast housing knit wreck train bell bathroom shaft insert date salesperson clerk stable fly home norm estimate hilarious greeting hotdog invisible reveal tin far torture crude pressure condition south plane line reckless embryo force circulation fine orchestra resort leaflet tumour trouble factor view glory plaster precede abridge undertake election clearance candle belief future dressing food sword empirical excitement grand series
          </div>
        </div>
        <div
          class="postItem"
          data-testid="post-item"
        >
          <div
            class="postHeader"
          >
            <span
              class="date"
            >
              12/23/2021, 5:05:34 PM
            </span>
            <span
              class="author"
            >
               by Nydia Croff
            </span>
          </div>
          <div
            class="postBody"
          >
            herd default carbon abbey secretion peasant establish
          </div>
        </div>
        <div
          class="postItem"
          data-testid="post-item"
        >
          <div
            class="postHeader"
          >
            <span
              class="date"
            >
              12/23/2021, 1:28:09 PM
            </span>
            <span
              class="author"
            >
               by Rafael Althoff
            </span>
          </div>
          <div
            class="postBody"
          >
            mile coach margin formula evolution interference hour audience feminine bathroom extinct broadcast appetite acceptance foreigner cover turkey virgin pour favourite fireplace underline velvet merchant sword environmental gravel write survey allocation refuse despise press recording cope view mayor adoption genuine forest herb advance night sight make facility experiment margin sex spot morsel belong fill election flush cottage deprive short circuit
          </div>
        </div>
        <div
          class="postItem"
          data-testid="post-item"
        >
          <div
            class="postHeader"
          >
            <span
              class="date"
            >
              12/23/2021, 9:03:20 AM
            </span>
            <span
              class="author"
            >
               by Rafael Althoff
            </span>
          </div>
          <div
            class="postBody"
          >
            underline inn buy lodge sensation tap manage depend process name important sip preparation lend symbol dominant freeze dream chief conservative timber hilarious tile division night abundant preparation absent patrol retain write skin solo blue jean rise symptom viable heaven debt favourite menu pot bill relevance mirror abuse dirty
          </div>
        </div>
        <div
          class="postItem"
          data-testid="post-item"
        >
          <div
            class="postHeader"
          >
            <span
              class="date"
            >
              12/23/2021, 3:47:20 AM
            </span>
            <span
              class="author"
            >
               by Quyen Pellegrini
            </span>
          </div>
          <div
            class="postBody"
          >
            future feature bell tribe offense faithful accident housing handy glow flat deserve reward grimace aluminium hiccup
          </div>
        </div>
        <div
          class="postItem"
          data-testid="post-item"
        >
          <div
            class="postHeader"
          >
            <span
              class="date"
            >
              12/23/2021, 12:30:10 AM
            </span>
            <span
              class="author"
            >
               by Regenia Boice
            </span>
          </div>
          <div
            class="postBody"
          >
            act quotation inquiry manufacture excuse vertical pot sun despise greeting pole arrow belly division generation stunning snake cluster authority find arrow broadcast move gallon cheese retirement cave referee falsify quote freckle return vertical acceptance sword fit mystery timetable bake fame morsel force avenue cover relation outside survivor south pattern spend run withdrawal fling genuine approval reveal dare control drop proposal network drama swell dawn era trouble wrestle hold extinct area giant message definition speed team hold straight prize house orchestra program plain establish credit card view pillow generate barrier west warrant participate yard bill tendency role future climb
          </div>
        </div>
        <div
          class="postItem"
          data-testid="post-item"
        >
          <div
            class="postHeader"
          >
            <span
              class="date"
            >
              12/22/2021, 9:13:39 PM
            </span>
            <span
              class="author"
            >
               by Woodrow Lindholm
            </span>
          </div>
          <div
            class="postBody"
          >
            point wrist complex landowner television national extinct chapter instrument horseshoe reconcile address rocket lighter avenue fool retirement facility platform cage inquiry symptom candle sex terms still egg white spot church definition leaflet act hate transmission satellite boy fuss platform wisecrack empire chaos shout Europe debt window stubborn rain trick forward connection still overcharge swipe ballot control secretion shout thin ballet glory message reptile penny parachute stand situation recovery tick harsh wreck straw corruption plagiarize dog brake rain tap viable solo bake feature seller feminine culture civilian protection bathroom trend hike survivor beg representative charter throne recognize epicalyx
          </div>
        </div>
        <div
          class="postItem"
          data-testid="post-item"
        >
          <div
            class="postHeader"
          >
            <span
              class="date"
            >
              12/22/2021, 3:22:56 PM
            </span>
            <span
              class="author"
            >
               by Lashanda Small
            </span>
          </div>
          <div
            class="postBody"
          >
            infrastructure dramatic herb relax tape sister menu traction jewel comfort racism village omission waste authority route bend recognize skeleton plant pedestrian begin scheme depression infrastructure treaty lot experiment experiment make meet extension core culture transport hell hand solo heavy monkey experiment kinship pressure sacrifice morsel mine retain waste gravel fling important crosswalk highway resident cause beg college reduction judgment detective slab mean danger strength development instal reduction division timetable marsh instal fool suggest clearance waste positive protection connection
          </div>
        </div>
        <div
          class="postItem"
          data-testid="post-item"
        >
          <div
            class="postHeader"
          >
            <span
              class="date"
            >
              12/22/2021, 9:34:55 AM
            </span>
            <span
              class="author"
            >
               by Britany Heise
            </span>
          </div>
          <div
            class="postBody"
          >
            circulation thin name flush rare constellation humanity failure museum debut falsify delay twist speech thick heavy
          </div>
        </div>
        <div
          class="postItem"
          data-testid="post-item"
        >
          <div
            class="postHeader"
          >
            <span
              class="date"
            >
              12/22/2021, 4:01:30 AM
            </span>
            <span
              class="author"
            >
               by Britany Heise
            </span>
          </div>
          <div
            class="postBody"
          >
            stake correspond move linen water rhythm key stereotype ballet address button flower suntan insert formal introduction outside mold brick fail virtue core fill basket contrast revolution generation program harsh respectable courtship advice orchestra egg white treaty freeze deposit title spot credit card deadly fight throne pavement mean tape kick wisecrack fail manage heal courtship distant withdrawal satellite heal relevance need huge era cash national noble sniff withdrawal rare fuss loose innocent policeman pit ditch act
          </div>
        </div>
        <div
          class="postItem"
          data-testid="post-item"
        >
          <div
            class="postHeader"
          >
            <span
              class="date"
            >
              12/22/2021, 12:46:16 AM
            </span>
            <span
              class="author"
            >
               by Carson Smithson
            </span>
          </div>
          <div
            class="postBody"
          >
            rare anger tolerate bar veil ally vegetarian risk mistreat failure flower major director conductor save output host symptom torture electronics offender band eject terrify insert leader planet blade pursuit shop option move comfort platform occasion extend describe bury clerk galaxy era want pot cash brake trace bar squash size trunk throne seller integrity poor crash witness cover kit ecstasy thaw grip visual foreigner theft diplomat mosque want upset boy expression begin complication compact ton ditch save mail integration warrant proposal qualified conception
          </div>
        </div>
        <div
          class="postItem"
          data-testid="post-item"
        >
          <div
            class="postHeader"
          >
            <span
              class="date"
            >
              12/21/2021, 7:56:40 PM
            </span>
            <span
              class="author"
            >
               by Carson Smithson
            </span>
          </div>
          <div
            class="postBody"
          >
            margin establish cause gravel sniff good heavy bottom boy waist hiccup carry proposal mild sigh direct crosswalk clearance recognize house center sigh lend strength flawed blue jean integration eye village blade dynamic building beautiful
          </div>
        </div>
        <div
          class="postItem"
          data-testid="post-item"
        >
          <div
            class="postHeader"
          >
            <span
              class="date"
            >
              12/21/2021, 2:21:26 PM
            </span>
            <span
              class="author"
            >
               by Woodrow Lindholm
            </span>
          </div>
          <div
            class="postBody"
          >
            litigation delicate chest development gradual whip depend plain name album vertical flower golf effective resident sanctuary flat presidency field cover age design railroad reinforce timetable building grimace introduction proud cheese lamb adventure lamb lodge lighter
          </div>
        </div>
        <div
          class="postItem"
          data-testid="post-item"
        >
          <div
            class="postHeader"
          >
            <span
              class="date"
            >
              12/21/2021, 9:31:28 AM
            </span>
            <span
              class="author"
            >
               by Macie Mckamey
            </span>
          </div>
          <div
            class="postBody"
          >
            celebration execute reconcile noble prediction orchestra timetable election crowd crop bay teacher assessment quest bottom stimulation recording chord tie imperial development insert grudge calculation indication crusade lot far evolution expression humanity lamb formal freeze umbrella survey vessel hotdog rib contrast courage protection roar rescue compact rubbish merchant audience umbrella respectable treasurer still axis achievement market uncle vague quest attention closed correspond
          </div>
        </div>
        <div
          class="postItem"
          data-testid="post-item"
        >
          <div
            class="postHeader"
          >
            <span
              class="date"
            >
              12/21/2021, 5:26:20 AM
            </span>
            <span
              class="author"
            >
               by Ethelene Maggi
            </span>
          </div>
          <div
            class="postBody"
          >
            safety follow describe put animal promotion deprive palm language discrimination suntan timber eye
          </div>
        </div>
        <div
          class="postItem"
          data-testid="post-item"
        >
          <div
            class="postHeader"
          >
            <span
              class="date"
            >
              12/20/2021, 11:31:33 PM
            </span>
            <span
              class="author"
            >
               by Lashanda Small
            </span>
          </div>
          <div
            class="postBody"
          >
            fuel patrol occasion crude coach herd dragon impulse surround precede kill sulphur accident culture failure cash dead reduction mistreat clerk skeleton witness permission greeting abbey condition extraterrestrial area velvet benefit use recovery glove nuclear unfair merchant speed nest keep digital popular reward mold fail bike trade improve hotdog flourish morsel resident pit sow veil aspect good dimension foreigner cage heal fit memorandum baby protection appear cigarette heal night
          </div>
        </div>
        <div
          class="postItem"
          data-testid="post-item"
        >
          <div
            class="postHeader"
          >
            <span
              class="date"
            >
              12/20/2021, 5:59:56 PM
            </span>
            <span
              class="author"
            >
               by Britany Heise
            </span>
          </div>
          <div
            class="postBody"
          >
            litigation thick dignity toss wine age integration restrict make accident intermediate steward important plagiarize upset introduce opposition kidney fountain debut prestige rescue popular graphic script television benefit favourite border waist possibility banner day deprive
          </div>
        </div>
        <div
          class="postItem"
          data-testid="post-item"
        >
          <div
            class="postHeader"
          >
            <span
              class="date"
            >
              12/20/2021, 12:47:37 PM
            </span>
            <span
              class="author"
            >
               by Carly Alvarez
            </span>
          </div>
          <div
            class="postBody"
          >
            term bishop stride biology indoor crash building contrast sensation habitat fight contrary prevent distant unaware vegetarian swim feminine visual tell retired wisecrack advice bolt thought falsify salesperson precede superintendent reliable basket essay grimace funeral surround computing intermediate avant-garde duck bike addition wrestle palm organize superintendent
          </div>
        </div>
        <div
          class="postItem"
          data-testid="post-item"
        >
          <div
            class="postHeader"
          >
            <span
              class="date"
            >
              12/20/2021, 9:45:26 AM
            </span>
            <span
              class="author"
            >
               by Regenia Boice
            </span>
          </div>
          <div
            class="postBody"
          >
            leak script cause sensation symptom deficiency fuss favor mile accumulation gain cigarette quest scheme rubbish kinship address bottom jewel shake abundant major dog bottom embryo corn steward trolley development final transport steward mail recovery company abridge roar deadly wood energy beg solo absorb credit card wrist facility quotation nest abstract dominant thinker animal chain far chain describe soap stunning straw judge ballet memorandum appear warrant charm far angel brick constellation test plain sacrifice victory
          </div>
        </div>
        <div
          class="postItem"
          data-testid="post-item"
        >
          <div
            class="postHeader"
          >
            <span
              class="date"
            >
              12/20/2021, 4:41:54 AM
            </span>
            <span
              class="author"
            >
               by Rafael Althoff
            </span>
          </div>
          <div
            class="postBody"
          >
            outfit act program umbrella integration essay cheese complication radio profit audience meat pit surround difficulty toss escape pavement trade tolerate murder acquisition leave thumb appetite tap hand scheme coincide absent tense sound
          </div>
        </div>
        <div
          class="postItem"
          data-testid="post-item"
        >
          <div
            class="postHeader"
          >
            <span
              class="date"
            >
              12/19/2021, 11:15:28 PM
            </span>
            <span
              class="author"
            >
               by Lael Vassel
            </span>
          </div>
          <div
            class="postBody"
          >
            chapter forest correspondence pioneer systematic money avant-garde debate cottage session restrict bury fabricate consumption
          </div>
        </div>
        <div
          class="postItem"
          data-testid="post-item"
        >
          <div
            class="postHeader"
          >
            <span
              class="date"
            >
              12/19/2021, 6:36:22 PM
            </span>
            <span
              class="author"
            >
               by Carly Alvarez
            </span>
          </div>
          <div
            class="postBody"
          >
            act pillow nationalist distant presidency grandmother computer turkey offense suggest pool harmful glory jewel crossing irony delicate charm terrify counter tumour rough planet treaty freckle marsh angel outfit rocket thaw huge breed night belief strain scholar use full important bow forest vague prosecute friend nest canvas calculation literature virtue reduction corn diplomat terminal delicate reserve reserve heaven freeze appetite tune bar snack grand electronics grudge lot hypnothize merchant difficulty judgment rape cave interface margin scandal civilian literature slap rank migration recovery scheme relation traction find pressure gain urine
          </div>
        </div>
        <div
          class="postItem"
          data-testid="post-item"
        >
          <div
            class="postHeader"
          >
            <span
              class="date"
            >
              12/19/2021, 1:01:56 PM
            </span>
            <span
              class="author"
            >
               by Yolande Urrutia
            </span>
          </div>
          <div
            class="postBody"
          >
            church fame blade migration realize mess find discount write prediction soap favourite thin serve twist house confront friend pedestrian sacrifice allocation heaven carry retired suggest act expertise palm timber kick stand radio fuss abstract despise crosswalk depression market instrument appear litigation drama thaw dream acquisition genuine reliance raid prescription charm exact scholar harmful contrast outfit fight trolley monopoly critic funeral spray chest greeting crossing sword college disaster basket discourage jealous scratch fool cover bury palm barrier cherry output mug omission aspect
          </div>
        </div>
        <div
          class="postItem"
          data-testid="post-item"
        >
          <div
            class="postHeader"
          >
            <span
              class="date"
            >
              12/19/2021, 9:32:58 AM
            </span>
            <span
              class="author"
            >
               by Rafael Althoff
            </span>
          </div>
          <div
            class="postBody"
          >
            cover development platform direct pour relax export disability siege conductor role scheme treaty braid patrol scream size tune prisoner horseshoe refuse pool field scholar mood debate energy expression pit attention promotion sex retirement facade circulation age vessel recruit letter sweet sailor grimace retain name therapist shy retain uncle midnight cluster name lodge mosque snow overcharge album sex initiative giant default force braid tie habitat abundant rally hotdog heal brick menu begin recovery science control indoor strength state systematic gradual sample stable default seed acceptance
          </div>
        </div>
        <div
          class="postItem"
          data-testid="post-item"
        >
          <div
            class="postHeader"
          >
            <span
              class="date"
            >
              12/19/2021, 3:53:12 AM
            </span>
            <span
              class="author"
            >
               by Macie Mckamey
            </span>
          </div>
          <div
            class="postBody"
          >
            disk jealous biology crossing seller troop tile death awful greeting breed scream rehabilitation witness bathroom platform bar inquiry generate eyebrow benefit whip advance pour sigh future coincide empire
          </div>
        </div>
        <div
          class="postItem"
          data-testid="post-item"
        >
          <div
            class="postHeader"
          >
            <span
              class="date"
            >
              12/18/2021, 10:16:05 PM
            </span>
            <span
              class="author"
            >
               by Macie Mckamey
            </span>
          </div>
          <div
            class="postBody"
          >
            stain hold miscarriage favor witness sensation cave location noble delay reptile run arch dirty value carbon tumour money pudding impulse effort concept series speech space spine occasion consumption rehabilitation constellation courage truth pit pest franchise sister seed belief scratch lamb release executive beautiful proposal scream cope mother deadly grow crude series noble baby dare initiative kidney
          </div>
        </div>
        <div
          class="postItem"
          data-testid="post-item"
        >
          <div
            class="postHeader"
          >
            <span
              class="date"
            >
              12/18/2021, 4:37:28 PM
            </span>
            <span
              class="author"
            >
               by Quyen Pellegrini
            </span>
          </div>
          <div
            class="postBody"
          >
            process quote waist tick ankle experiment recruit crosswalk index terrify norm housing spray reliable jewel proud quote audience use trolley positive dog interference yard deserve control extend forest relevance definite home initiative brake possibility water ethics adventure abuse bay pedestrian protection rank kit discrimination kill wine eject miscarriage confront infrastructure gutter useful reptile spot bullet energy handy bathroom carry loud magnetic ballot fuel scholar AIDS fling seem thin toss printer suntan electron lamb undertake
          </div>
        </div>
        <div
          class="postItem"
          data-testid="post-item"
        >
          <div
            class="postHeader"
          >
            <span
              class="date"
            >
              12/18/2021, 11:39:27 AM
            </span>
            <span
              class="author"
            >
               by Mandie Nagao
            </span>
          </div>
          <div
            class="postBody"
          >
            transmission habitat hilarious contrast rocket sniff sympathetic neighborhood initiative queen part buy federation ethics scratch closed symptom harsh draw master freckle distant opposition move thaw unfair march romantic shift cave chord shop morning carry greeting credit card tie truth linen rotation wrestle core relation representative deadly mile draw witness kick run dilute celebration comfort flawed harsh poison variable coincide vertical voyage beautiful coincide button college option photocopy egg white mess hiccup thick alcohol banner glow diameter blade return magazine heal crusade experiment romantic fountain rehabilitation restrict retired water tendency act bishop hypnothize combine tumour deposit marriage diplomat release
          </div>
        </div>
        <div
          class="postItem"
          data-testid="post-item"
        >
          <div
            class="postHeader"
          >
            <span
              class="date"
            >
              12/18/2021, 6:23:16 AM
            </span>
            <span
              class="author"
            >
               by Filomena Cort
            </span>
          </div>
          <div
            class="postBody"
          >
            flow empirical speech location feminine
          </div>
        </div>
        <div
          class="postItem"
          data-testid="post-item"
        >
          <div
            class="postHeader"
          >
            <span
              class="date"
            >
              12/18/2021, 3:10:33 AM
            </span>
            <span
              class="author"
            >
               by Rafael Althoff
            </span>
          </div>
          <div
            class="postBody"
          >
            reconcile coach theft migration constitution herb lamb oak information treaty tenant wood national ecstasy rocket pattern serve safety generation seem hostile cash election team merchant pardon transmission superintendent ministry slap judge experiment herb coalition march
          </div>
        </div>
        <div
          class="postItem"
          data-testid="post-item"
        >
          <div
            class="postHeader"
          >
            <span
              class="date"
            >
              12/17/2021, 9:19:53 PM
            </span>
            <span
              class="author"
            >
               by Britany Heise
            </span>
          </div>
          <div
            class="postBody"
          >
            infrastructure bother indication leader mayor empirical pudding eagle begin realize heaven pioneer underline constellation civilian leak member confront abortion jurisdiction rush abortion reward album murder pit poison contraction tell torture resource kinship reliance gravel awful axis
          </div>
        </div>
        <div
          class="postItem"
          data-testid="post-item"
        >
          <div
            class="postHeader"
          >
            <span
              class="date"
            >
              12/17/2021, 4:32:06 PM
            </span>
            <span
              class="author"
            >
               by Yolande Urrutia
            </span>
          </div>
          <div
            class="postBody"
          >
            director crash information inquiry belong mean modernize protection appear leak meet tape stimulation basket pursuit duck fine stereotype effort thin thaw diamond tense wrestle trolley carbon menu empire due flat bury pick meet menu dead representative calculation glare competition troop rehabilitation survival feature coincide fill route film television radio pray pole credit card indication drill good agreement bill meet message haircut correspond helmet abundant courtship carry handy program therapist border line sacrifice turkey thumb village need bolt rank
          </div>
        </div>
        <div
          class="postItem"
          data-testid="post-item"
        >
          <div
            class="postHeader"
          >
            <span
              class="date"
            >
              12/17/2021, 1:29:51 PM
            </span>
            <span
              class="author"
            >
               by Regenia Boice
            </span>
          </div>
          <div
            class="postBody"
          >
            horror expertise suitcase heal protection shake superintendent far hostile slap haircut abortion excuse stereotype closed aspect check uncle crew courtship view formal wake empire dominant tape border barrier romantic abundant mistreat describe serve rescue mosque stunning second conflict heaven wrestle closed cottage innocent spend scheme excuse drama flat gradual axis impulse trench faithful effort precede golf outside eye expertise thinker protection cruelty peasant want thick referee clerk outfit constellation variant outfit access toss landowner terrify leader coincidence alcohol silver slap tumour eyebrow grandmother twist producer trouble fixture rob gravel despise pour pick broadcast correspond gallon relevance judgment hike
          </div>
        </div>
        <div
          class="postItem"
          data-testid="post-item"
        >
          <div
            class="postHeader"
          >
            <span
              class="date"
            >
              12/17/2021, 9:45:18 AM
            </span>
            <span
              class="author"
            >
               by Lashanda Small
            </span>
          </div>
          <div
            class="postBody"
          >
            banana interface raid favourite chest survivor spine ton memorandum seem shop sunshine lake galaxy extend elite definition landowner attention dimension control spell waist computer drum triangle
          </div>
        </div>
        <div
          class="postItem"
          data-testid="post-item"
        >
          <div
            class="postHeader"
          >
            <span
              class="date"
            >
              12/17/2021, 5:12:13 AM
            </span>
            <span
              class="author"
            >
               by Carly Alvarez
            </span>
          </div>
          <div
            class="postBody"
          >
            sword due drum fly trail dragon Sunday egg white find snack waste birthday diamond wall rob trick fit breed indoor penny point publisher wood correspondence lend
          </div>
        </div>
        <div
          class="postItem"
          data-testid="post-item"
        >
          <div
            class="postHeader"
          >
            <span
              class="date"
            >
              12/17/2021, 12:26:01 AM
            </span>
            <span
              class="author"
            >
               by Yolande Urrutia
            </span>
          </div>
          <div
            class="postBody"
          >
            bar credit card hiccup mine magnetic vertical director highway line multimedia neighborhood initiative flat crowd morning rare rhythm dog mistreat make excuse pattern album interference trench follow output discourage ditch dead energy velvet invisible prosecute popular castle extinct steward permission lip adoption bat bother dog peasant mail force still night future kick peasant stereotype mile product preparation grip line survey confine use balance retirement pawn crystal horseshoe confine discrimination
          </div>
        </div>
        <div
          class="postItem"
          data-testid="post-item"
        >
          <div
            class="postHeader"
          >
            <span
              class="date"
            >
              12/16/2021, 7:44:25 PM
            </span>
            <span
              class="author"
            >
               by Carly Alvarez
            </span>
          </div>
          <div
            class="postBody"
          >
            charm distant rubbish product conservative move ballet embark manage product cheese serve climate crash anger prevent correspond detective entitlement crash concession trail abundant combine freckle pole belief tin cover debate kidney chord tell shake future computing expression herd dragon neighborhood magazine restrict morsel marsh mystery franchise rare spontaneous nationalist folklore establish chord suffer theft brick combine virtue satellite omission spend unaware banner thoughtful execute migration second dramatic impulse revolution
          </div>
        </div>
        <div
          class="postItem"
          data-testid="post-item"
        >
          <div
            class="postHeader"
          >
            <span
              class="date"
            >
              12/16/2021, 3:32:39 PM
            </span>
            <span
              class="author"
            >
               by Nydia Croff
            </span>
          </div>
          <div
            class="postBody"
          >
            wisecrack correspondence overcharge forget freeze tenant vertical deposit formal kidney comfort wagon scream lion drill flush village wine rush reduction ecstasy policeman instrument manufacture mastermind vertical speech trunk symptom rob infrastructure line cluster straw album element seem tumour adoption donor effort mosque painter awful rubbish stunning pest imperial biology pioneer shell part policeman crosswalk story chief television design
          </div>
        </div>
        <div
          class="postItem"
          data-testid="post-item"
        >
          <div
            class="postHeader"
          >
            <span
              class="date"
            >
              12/16/2021, 12:10:09 PM
            </span>
            <span
              class="author"
            >
               by Isidro Schuett
            </span>
          </div>
          <div
            class="postBody"
          >
            spine sight passage planet set recruit accountant contrast west confusion refuse proposal retired interest ignite charm computer address provide meat director gradual velvet wreck output trick haircut race extinct trench tell barrier uncle formula reputation advance fabricate variable
          </div>
        </div>
        <div
          class="postItem"
          data-testid="post-item"
        >
          <div
            class="postHeader"
          >
            <span
              class="date"
            >
              12/16/2021, 8:21:10 AM
            </span>
            <span
              class="author"
            >
               by Isidro Schuett
            </span>
          </div>
          <div
            class="postBody"
          >
            castle science drum scandal glove term rare bishop vessel letter damage failure pump speed act dare energy election product pour name tile facility
          </div>
        </div>
        <div
          class="postItem"
          data-testid="post-item"
        >
          <div
            class="postHeader"
          >
            <span
              class="date"
            >
              12/16/2021, 2:49:46 AM
            </span>
            <span
              class="author"
            >
               by Carly Alvarez
            </span>
          </div>
          <div
            class="postBody"
          >
            mold eject porter restrict recording avant-garde member flavor digital symbol sample flawed charter drum stand make term giant anger pioneer pain harmful
          </div>
        </div>
        <div
          class="postItem"
          data-testid="post-item"
        >
          <div
            class="postHeader"
          >
            <span
              class="date"
            >
              12/15/2021, 10:59:57 PM
            </span>
            <span
              class="author"
            >
               by Rafael Althoff
            </span>
          </div>
          <div
            class="postBody"
          >
            pool reliance chest cigarette lamb pole painter habitat ally nest seed qualified leak cottage level heaven hiccup corruption wreck bullet crash gallon adoption parachute sow bishop occasion noble evolution dimension courage shy indication troop spontaneous excavation swell facade excavation mood aspect tired project uncle fail cherry twist visual invisible castle write complex sulphur carry pain recognize allocation fling
          </div>
        </div>
        <div
          class="postItem"
          data-testid="post-item"
        >
          <div
            class="postHeader"
          >
            <span
              class="date"
            >
              12/15/2021, 5:34:08 PM
            </span>
            <span
              class="author"
            >
               by Woodrow Lindholm
            </span>
          </div>
          <div
            class="postBody"
          >
            lose abuse pudding generation extraterrestrial viable pray album pest house lost grudge rain ton gradient extraterrestrial civilian rain donor axis stain climate variable hold fireplace seem program contract relevance stand day acquisition avant-garde dare deserve thaw college wine film abortion swipe chain reinforce agriculture resource trail referee dare midnight jurisdiction reckless confront satellite recruit rape elite clinic union formal underline beer genuine mug smash coincide genuine chapter blade mile
          </div>
        </div>
        <div
          class="postItem"
          data-testid="post-item"
        >
          <div
            class="postHeader"
          >
            <span
              class="date"
            >
              12/15/2021, 1:19:33 PM
            </span>
            <span
              class="author"
            >
               by Carson Smithson
            </span>
          </div>
          <div
            class="postBody"
          >
            dorm cheese scream lamb story crowd loan trouble bathroom platform trick marriage huge braid
          </div>
        </div>
      </div>
      <div
        class="loadMore"
      >
        <div
          class="pages"
        >
          Page 1 of 10
        </div>
        <button
          class="loadMoreButton"
          type="button"
        >
          Load More
        </button>
      </div>
    </div>
  </div>
</div>
`;
